// Jest Snapshot v1, https://goo.gl/fbAQLP

exports[`run metadata traversal: fixtures/29.x.x/env-worker-N/duplicate-cases: allDescribeBlocks 1`] = `"describe_0 → describe_1 → describe_2"`;

exports[`run metadata traversal: fixtures/29.x.x/env-worker-N/duplicate-cases: allInvocations 1`] = `"hook_0.0 → test_0.0.fn → hook_0.1 → test_1.0.fn → hook_0.2 → test_2.0.fn → hook_0.3 → test_3.0.fn"`;

exports[`run metadata traversal: fixtures/29.x.x/env-worker-N/duplicate-cases: allTestEntries 1`] = `"test_0 → test_1 → test_2 → test_3"`;

exports[`run metadata traversal: fixtures/29.x.x/env-worker-N/duplicate-cases: allTestInvocations 1`] = `"test_0.0 → test_1.0 → test_2.0 → test_3.0"`;

exports[`run metadata traversal: fixtures/29.x.x/env-worker-N/duplicate-generation: allDescribeBlocks 1`] = `"describe_0"`;

exports[`run metadata traversal: fixtures/29.x.x/env-worker-N/duplicate-generation: allInvocations 1`] = `"hook_0.0 → test_0.0.fn → hook_0.1 → test_1.0.fn → hook_0.2 → test_0.1.fn"`;

exports[`run metadata traversal: fixtures/29.x.x/env-worker-N/duplicate-generation: allTestEntries 1`] = `"test_0 → test_1"`;

exports[`run metadata traversal: fixtures/29.x.x/env-worker-N/duplicate-generation: allTestInvocations 1`] = `"test_0.0 → test_1.0 → test_0.1"`;

exports[`run metadata traversal: fixtures/29.x.x/env-worker-N/duplicate-name: allDescribeBlocks 1`] = `"describe_0 → describe_1 → describe_2 → describe_3"`;

exports[`run metadata traversal: fixtures/29.x.x/env-worker-N/duplicate-name: allInvocations 1`] = `"hook_1.0 → hook_2.0 → hook_0.0 → test_0.0.fn → hook_0.1 → test_1.0.fn → hook_0.2 → test_1.1.fn → hook_3.0 → hook_4.0 → hook_0.3 → test_4.0.fn → hook_0.4 → test_5.0.fn → hook_0.5 → test_4.1.fn → hook_5.0"`;

exports[`run metadata traversal: fixtures/29.x.x/env-worker-N/duplicate-name: allTestEntries 1`] = `"test_0 → test_1 → test_2 → test_3 → test_4 → test_5"`;

exports[`run metadata traversal: fixtures/29.x.x/env-worker-N/duplicate-name: allTestInvocations 1`] = `"test_0.0 → test_1.0 → test_1.1 → test_2.0 → test_3.0 → test_4.0 → test_5.0 → test_4.1"`;

exports[`run metadata traversal: fixtures/29.x.x/env-worker-N/hook-afterAll-fail: allDescribeBlocks 1`] = `"describe_0 → describe_1"`;

exports[`run metadata traversal: fixtures/29.x.x/env-worker-N/hook-afterAll-fail: allInvocations 1`] = `"hook_0.0 → test_0.0.fn → hook_2.0 → hook_1.0"`;

exports[`run metadata traversal: fixtures/29.x.x/env-worker-N/hook-afterAll-fail: allTestEntries 1`] = `"test_0"`;

exports[`run metadata traversal: fixtures/29.x.x/env-worker-N/hook-afterAll-fail: allTestInvocations 1`] = `"test_0.0"`;

exports[`run metadata traversal: fixtures/29.x.x/env-worker-N/hook-beforeAll-fail: allDescribeBlocks 1`] = `"describe_0 → describe_1"`;

exports[`run metadata traversal: fixtures/29.x.x/env-worker-N/hook-beforeAll-fail: allInvocations 1`] = `"hook_1.0 → test_1.0.fn"`;

exports[`run metadata traversal: fixtures/29.x.x/env-worker-N/hook-beforeAll-fail: allTestEntries 1`] = `"test_0 → test_1"`;

exports[`run metadata traversal: fixtures/29.x.x/env-worker-N/hook-beforeAll-fail: allTestInvocations 1`] = `"test_0.0 → test_1.0"`;

exports[`run metadata traversal: fixtures/29.x.x/env-worker-N/hook-nesting: allDescribeBlocks 1`] = `"describe_0 → describe_1"`;

exports[`run metadata traversal: fixtures/29.x.x/env-worker-N/hook-nesting: allInvocations 1`] = `"hook_1.0 → hook_0.0 → hook_2.0 → test_0.0.fn → hook_3.0 → hook_0.1 → hook_2.1 → test_1.0.fn → hook_3.1 → hook_4.0"`;

exports[`run metadata traversal: fixtures/29.x.x/env-worker-N/hook-nesting: allTestEntries 1`] = `"test_0 → test_1"`;

exports[`run metadata traversal: fixtures/29.x.x/env-worker-N/hook-nesting: allTestInvocations 1`] = `"test_0.0 → test_1.0"`;

exports[`run metadata traversal: fixtures/29.x.x/env-worker-N/test-concurrent: allDescribeBlocks 1`] = `"describe_0"`;

exports[`run metadata traversal: fixtures/29.x.x/env-worker-N/test-concurrent: allInvocations 1`] = `"test_0.0.fn → test_1.0.fn → test_2.0.fn → test_3.0.fn → test_4.0.fn"`;

exports[`run metadata traversal: fixtures/29.x.x/env-worker-N/test-concurrent: allTestEntries 1`] = `"test_0 → test_1 → test_2 → test_3 → test_4"`;

exports[`run metadata traversal: fixtures/29.x.x/env-worker-N/test-concurrent: allTestInvocations 1`] = `"test_0.0 → test_1.0 → test_2.0 → test_3.0 → test_4.0"`;

exports[`run metadata traversal: fixtures/29.x.x/env-worker-N/test-fail: allDescribeBlocks 1`] = `"describe_0"`;

exports[`run metadata traversal: fixtures/29.x.x/env-worker-N/test-fail: allInvocations 1`] = `"hook_0.0 → test_0.0.fn"`;

exports[`run metadata traversal: fixtures/29.x.x/env-worker-N/test-fail: allTestEntries 1`] = `"test_0"`;

exports[`run metadata traversal: fixtures/29.x.x/env-worker-N/test-fail: allTestInvocations 1`] = `"test_0.0"`;

exports[`run metadata traversal: fixtures/29.x.x/env-worker-N/test-pass: allDescribeBlocks 1`] = `"describe_0"`;

exports[`run metadata traversal: fixtures/29.x.x/env-worker-N/test-pass: allInvocations 1`] = `"hook_0.0 → test_0.0.fn"`;

exports[`run metadata traversal: fixtures/29.x.x/env-worker-N/test-pass: allTestEntries 1`] = `"test_0"`;

exports[`run metadata traversal: fixtures/29.x.x/env-worker-N/test-pass: allTestInvocations 1`] = `"test_0.0"`;

exports[`run metadata traversal: fixtures/29.x.x/env-worker-N/test-retry: allDescribeBlocks 1`] = `"describe_0"`;

exports[`run metadata traversal: fixtures/29.x.x/env-worker-N/test-retry: allInvocations 1`] = `"hook_1.0 → hook_0.0 → test_0.0.fn → hook_0.1 → test_0.1.fn → hook_2.0"`;

exports[`run metadata traversal: fixtures/29.x.x/env-worker-N/test-retry: allTestEntries 1`] = `"test_0"`;

exports[`run metadata traversal: fixtures/29.x.x/env-worker-N/test-retry: allTestInvocations 1`] = `"test_0.0 → test_0.1"`;

exports[`run metadata traversal: fixtures/29.x.x/env-worker-N/test-skip: allDescribeBlocks 1`] = `"describe_0 → describe_1 → describe_2"`;

exports[`run metadata traversal: fixtures/29.x.x/env-worker-N/test-skip: allInvocations 1`] = `""`;

exports[`run metadata traversal: fixtures/29.x.x/env-worker-N/test-skip: allTestEntries 1`] = `"test_0"`;

exports[`run metadata traversal: fixtures/29.x.x/env-worker-N/test-skip: allTestInvocations 1`] = `"test_0.0"`;

exports[`run metadata traversal: fixtures/29.x.x/env-worker-N/test-todo: allDescribeBlocks 1`] = `"describe_0 → describe_1 → describe_2"`;

exports[`run metadata traversal: fixtures/29.x.x/env-worker-N/test-todo: allInvocations 1`] = `"hook_1.0 → hook_2.0 → hook_3.0 → hook_4.0"`;

exports[`run metadata traversal: fixtures/29.x.x/env-worker-N/test-todo: allTestEntries 1`] = `"test_0"`;

exports[`run metadata traversal: fixtures/29.x.x/env-worker-N/test-todo: allTestInvocations 1`] = `"test_0.0"`;

exports[`run metadata traversal: fixtures/29.x.x/no-env-worker-N/duplicate-cases: allDescribeBlocks 1`] = `"describe_0"`;

exports[`run metadata traversal: fixtures/29.x.x/no-env-worker-N/duplicate-cases: allInvocations 1`] = `""`;

exports[`run metadata traversal: fixtures/29.x.x/no-env-worker-N/duplicate-cases: allTestEntries 1`] = `"test_0 → test_1 → test_2 → test_3"`;

exports[`run metadata traversal: fixtures/29.x.x/no-env-worker-N/duplicate-cases: allTestInvocations 1`] = `"test_0.0 → test_1.0 → test_2.0 → test_3.0"`;

exports[`run metadata traversal: fixtures/29.x.x/no-env-worker-N/duplicate-generation: allDescribeBlocks 1`] = `"describe_0"`;

exports[`run metadata traversal: fixtures/29.x.x/no-env-worker-N/duplicate-generation: allInvocations 1`] = `""`;

exports[`run metadata traversal: fixtures/29.x.x/no-env-worker-N/duplicate-generation: allTestEntries 1`] = `"test_0 → test_1"`;

exports[`run metadata traversal: fixtures/29.x.x/no-env-worker-N/duplicate-generation: allTestInvocations 1`] = `"test_0.0 → test_1.0"`;

exports[`run metadata traversal: fixtures/29.x.x/no-env-worker-N/duplicate-name: allDescribeBlocks 1`] = `"describe_0"`;

exports[`run metadata traversal: fixtures/29.x.x/no-env-worker-N/duplicate-name: allInvocations 1`] = `""`;

exports[`run metadata traversal: fixtures/29.x.x/no-env-worker-N/duplicate-name: allTestEntries 1`] = `"test_0 → test_1 → test_2 → test_3 → test_4 → test_5"`;

exports[`run metadata traversal: fixtures/29.x.x/no-env-worker-N/duplicate-name: allTestInvocations 1`] = `"test_0.0 → test_1.0 → test_2.0 → test_3.0 → test_4.0 → test_5.0"`;

exports[`run metadata traversal: fixtures/29.x.x/no-env-worker-N/hook-afterAll-fail: allDescribeBlocks 1`] = `"describe_0"`;

exports[`run metadata traversal: fixtures/29.x.x/no-env-worker-N/hook-afterAll-fail: allInvocations 1`] = `""`;

exports[`run metadata traversal: fixtures/29.x.x/no-env-worker-N/hook-afterAll-fail: allTestEntries 1`] = `"test_0"`;

exports[`run metadata traversal: fixtures/29.x.x/no-env-worker-N/hook-afterAll-fail: allTestInvocations 1`] = `"test_0.0"`;

exports[`run metadata traversal: fixtures/29.x.x/no-env-worker-N/hook-beforeAll-fail: allDescribeBlocks 1`] = `"describe_0"`;

exports[`run metadata traversal: fixtures/29.x.x/no-env-worker-N/hook-beforeAll-fail: allInvocations 1`] = `""`;

exports[`run metadata traversal: fixtures/29.x.x/no-env-worker-N/hook-beforeAll-fail: allTestEntries 1`] = `"test_0 → test_1"`;

exports[`run metadata traversal: fixtures/29.x.x/no-env-worker-N/hook-beforeAll-fail: allTestInvocations 1`] = `"test_0.0 → test_1.0"`;

exports[`run metadata traversal: fixtures/29.x.x/no-env-worker-N/hook-nesting: allDescribeBlocks 1`] = `"describe_0"`;

exports[`run metadata traversal: fixtures/29.x.x/no-env-worker-N/hook-nesting: allInvocations 1`] = `""`;

exports[`run metadata traversal: fixtures/29.x.x/no-env-worker-N/hook-nesting: allTestEntries 1`] = `"test_0 → test_1"`;

exports[`run metadata traversal: fixtures/29.x.x/no-env-worker-N/hook-nesting: allTestInvocations 1`] = `"test_0.0 → test_1.0"`;

exports[`run metadata traversal: fixtures/29.x.x/no-env-worker-N/test-concurrent: allDescribeBlocks 1`] = `"describe_0"`;

exports[`run metadata traversal: fixtures/29.x.x/no-env-worker-N/test-concurrent: allInvocations 1`] = `""`;

exports[`run metadata traversal: fixtures/29.x.x/no-env-worker-N/test-concurrent: allTestEntries 1`] = `"test_0 → test_1 → test_2 → test_3 → test_4"`;

exports[`run metadata traversal: fixtures/29.x.x/no-env-worker-N/test-concurrent: allTestInvocations 1`] = `"test_0.0 → test_1.0 → test_2.0 → test_3.0 → test_4.0"`;

exports[`run metadata traversal: fixtures/29.x.x/no-env-worker-N/test-fail: allDescribeBlocks 1`] = `"describe_0"`;

exports[`run metadata traversal: fixtures/29.x.x/no-env-worker-N/test-fail: allInvocations 1`] = `""`;

exports[`run metadata traversal: fixtures/29.x.x/no-env-worker-N/test-fail: allTestEntries 1`] = `"test_0"`;

exports[`run metadata traversal: fixtures/29.x.x/no-env-worker-N/test-fail: allTestInvocations 1`] = `"test_0.0"`;

exports[`run metadata traversal: fixtures/29.x.x/no-env-worker-N/test-pass: allDescribeBlocks 1`] = `"describe_0"`;

exports[`run metadata traversal: fixtures/29.x.x/no-env-worker-N/test-pass: allInvocations 1`] = `""`;

exports[`run metadata traversal: fixtures/29.x.x/no-env-worker-N/test-pass: allTestEntries 1`] = `"test_0"`;

exports[`run metadata traversal: fixtures/29.x.x/no-env-worker-N/test-pass: allTestInvocations 1`] = `"test_0.0"`;

exports[`run metadata traversal: fixtures/29.x.x/no-env-worker-N/test-retry: allDescribeBlocks 1`] = `"describe_0"`;

exports[`run metadata traversal: fixtures/29.x.x/no-env-worker-N/test-retry: allInvocations 1`] = `""`;

exports[`run metadata traversal: fixtures/29.x.x/no-env-worker-N/test-retry: allTestEntries 1`] = `"test_0"`;

exports[`run metadata traversal: fixtures/29.x.x/no-env-worker-N/test-retry: allTestInvocations 1`] = `"test_0.0"`;

exports[`run metadata traversal: fixtures/29.x.x/no-env-worker-N/test-skip: allDescribeBlocks 1`] = `""`;

exports[`run metadata traversal: fixtures/29.x.x/no-env-worker-N/test-skip: allInvocations 1`] = `""`;

exports[`run metadata traversal: fixtures/29.x.x/no-env-worker-N/test-skip: allTestEntries 1`] = `""`;

exports[`run metadata traversal: fixtures/29.x.x/no-env-worker-N/test-skip: allTestInvocations 1`] = `""`;

exports[`run metadata traversal: fixtures/29.x.x/no-env-worker-N/test-todo: allDescribeBlocks 1`] = `"describe_0"`;

exports[`run metadata traversal: fixtures/29.x.x/no-env-worker-N/test-todo: allInvocations 1`] = `""`;

exports[`run metadata traversal: fixtures/29.x.x/no-env-worker-N/test-todo: allTestEntries 1`] = `"test_0"`;

exports[`run metadata traversal: fixtures/29.x.x/no-env-worker-N/test-todo: allTestInvocations 1`] = `"test_0.0"`;
